[0;34m[INFO][0m FASE 0: Validação pré-migração...
[1;33m[WARNING][0m Você tem mudanças não commitadas no Git
[0;32m[SUCCESS][0m Validação pré-migração concluída
[0;34m[INFO][0m FASE 1: Criando backup completo...
[2026-02-04 15:18:35]    Backing up src/...
[2026-02-04 15:18:36]    Backing up governance/...
[2026-02-04 15:18:36]    Backing up profiles/...
[2026-02-04 15:18:36]    Backing up config/...
[2026-02-04 15:18:36]    Backing up tests/...
[0;32m[SUCCESS][0m Backup criado: backup_pre_v2.2_20260204_151826/
[0;34m[INFO][0m FASE 2: Criando estrutura Golden Record v2.2...
[0;32m[SUCCESS][0m Estrutura v2.2 criada
[0;34m[INFO][0m FASE 3: Migrando código Rust...
[2026-02-04 15:18:36]    src/bin/btv.rs → rust/kernel/src/btv.rs
[2026-02-04 15:18:37]    src/buildtovalue_compliance/ajl_metrics.rs → rust/kernel/src/ajl_metrics.rs
[2026-02-04 15:18:37]    src/buildtovalue_compliance/penalty_calculator.rs → rust/kernel/src/penalty_calculator.rs
[2026-02-04 15:18:37]    src/buildtovalue_compliance/penalty_calculator_v2.rs → rust/kernel/src/penalty_calculator_v2.rs
[2026-02-04 15:18:37]    src/buildtovalue_compliance_ffi/batch.rs → rust/bindings/src/batch.rs
[2026-02-04 15:18:37]    src/buildtovalue_compliance_ffi/lib.rs → rust/bindings/src/lib.rs
[2026-02-04 15:18:37]    src/buildtovalue_intelligence/threat_ingestor.rs → rust/kernel/src/threat_ingestor.rs
[2026-02-04 15:18:37]    src/buildtovalue_intelligence/threat_ingestor_v2.rs → rust/kernel/src/threat_ingestor_v2.rs
[2026-02-04 15:18:37]    src/ffi/bridge.rs → rust/bindings/src/bridge.rs
[2026-02-04 15:18:37]    src/kernel/audit.rs → rust/kernel/src/audit.rs
[2026-02-04 15:18:38]    src/kernel/crypto/signing.rs → rust/kernel/src/signing.rs
[2026-02-04 15:18:38]    src/kernel/deobfuscator/base64.rs → rust/kernel/src/base64.rs
[2026-02-04 15:18:38]    src/kernel/deobfuscator/hex.rs → rust/kernel/src/hex.rs
[2026-02-04 15:18:38]    src/kernel/deobfuscator/leetspeak.rs → rust/kernel/src/leetspeak.rs
[2026-02-04 15:18:38]    src/kernel/evidence/errors.rs → rust/kernel/src/errors.rs
[2026-02-04 15:18:38]    src/kernel/evidence/finding.rs → rust/kernel/src/finding.rs
[2026-02-04 15:18:38]    src/kernel/evidence/technical_evidence.rs → rust/kernel/src/technical_evidence.rs
[2026-02-04 15:18:38]    src/kernel/evidence/tests.rs → rust/kernel/src/tests.rs
[2026-02-04 15:18:38]    src/kernel/evidence/types.rs → rust/kernel/src/types.rs
[2026-02-04 15:18:39]    src/kernel/evidence.rs → rust/kernel/src/evidence.rs
[2026-02-04 15:18:39]    src/kernel/ffi.rs → rust/bindings/src/ffi.rs
[2026-02-04 15:18:39]    src/kernel/gatekeeper.rs → rust/kernel/src/gatekeeper.rs
[2026-02-04 15:18:39]    src/kernel/ledger/durable_ledger.rs → rust/kernel/src/durable_ledger.rs
[2026-02-04 15:18:39]    src/kernel/ledger/entry.rs → rust/kernel/src/entry.rs
[2026-02-04 15:18:39]    src/kernel/ledger/wal.rs → rust/kernel/src/wal.rs
[2026-02-04 15:18:39]    src/kernel/metrics.rs → rust/kernel/src/metrics.rs
[2026-02-04 15:18:39]    src/kernel/oblivious_cache.rs → rust/kernel/src/oblivious_cache.rs
[2026-02-04 15:18:39]    src/kernel/response.rs → rust/kernel/src/response.rs
[2026-02-04 15:18:40]    src/kernel/statistics/char_ratio.rs → rust/kernel/src/char_ratio.rs
[2026-02-04 15:18:40]    src/kernel/statistics/entropy.rs → rust/kernel/src/entropy.rs
[2026-02-04 15:18:40]    src/kernel/statistics/zscore.rs → rust/kernel/src/zscore.rs
[2026-02-04 15:18:40]    src/kernel/timing_guard.rs → rust/kernel/src/timing_guard.rs
[2026-02-04 15:18:40]    src/kernel/validators/cnpj.rs → rust/kernel/src/cnpj.rs
[2026-02-04 15:18:40]    src/kernel/validators/cpf.rs → rust/kernel/src/cpf.rs
[2026-02-04 15:18:40]    src/kernel/validators/cpf_validator.rs → rust/kernel/src/cpf_validator.rs
[2026-02-04 15:18:40]    src/kernel/validators/credit_card.rs → rust/kernel/src/credit_card.rs
[2026-02-04 15:18:40]    src/kernel/validators/email.rs → rust/kernel/src/email.rs
[2026-02-04 15:18:41]    src/kernel/validators/input_sanitizer.rs → rust/kernel/src/input_sanitizer.rs
[2026-02-04 15:18:41]    src/kernel/validators/phone.rs → rust/kernel/src/phone.rs
[2026-02-04 15:18:41]    src/lib.rs → rust/kernel/src/lib.rs
[2026-02-04 15:18:41]    src/observability/metrics.rs → rust/kernel/src/metrics.rs
[1;33m[WARNING][0m Destino existe: rust/kernel/src/metrics.rs, fazendo backup
[2026-02-04 15:18:41]    src/observability/tracing.rs → rust/kernel/src/tracing.rs
[0;32m[SUCCESS][0m 0 arquivos Rust migrados
[0;34m[INFO][0m FASE 4: Migrando código Python...
[0;34m[INFO][0m Resolvendo CONFLITO: governance/ duplicado...
[2026-02-04 15:18:41]    Mesclando governance → python/buildtovalue/governance (preserve)
[0;32m[SUCCESS][0m governance/ mesclado
[2026-02-04 15:18:42]    Mesclando src/api → python/buildtovalue/api (preserve)
[2026-02-04 15:18:42]    Mesclando src/buildtovalue/compliance → python/buildtovalue/compliance (preserve)
[2026-02-04 15:18:42]    Mesclando tests → python/tests (preserve)
[0;32m[SUCCESS][0m Código Python migrado
[0;34m[INFO][0m FASE 5: Migrando políticas...
[0;34m[INFO][0m Resolvendo CONFLITO: profiles/ duplicado...
[2026-02-04 15:18:44]    Mesclando profiles → data/policies/profiles (preserve)
[0;32m[SUCCESS][0m profiles/ mesclado
[0;32m[SUCCESS][0m Políticas migradas
[0;34m[INFO][0m FASE 6: Criando arquivos de ancoragem...
[0;32m[SUCCESS][0m Arquivos de ancoragem criados
[0;34m[INFO][0m FASE 7: Criando configurações...
[0;32m[SUCCESS][0m Configurações criadas
[0;34m[INFO][0m FASE 8: Gerando checksums...
[0;32m[SUCCESS][0m Checksums gerados
[0;34m[INFO][0m FASE 9: Limpeza...
[0;32m[SUCCESS][0m Limpeza concluída
[2026-02-04 15:18:45] 
[2026-02-04 15:18:45] 📊 Resumo:
[2026-02-04 15:18:45]    Backup: backup_pre_v2.2_20260204_151826/
[2026-02-04 15:18:45]    Log: migration_20260204_151826.log
[2026-02-04 15:18:45]    Rust: 0 arquivos migrados
[2026-02-04 15:18:46] 
[2026-02-04 15:18:46] 🚀 Próximos passos:
[2026-02-04 15:18:46]    1. Validar: ./scripts/validate_structure_v2.2.sh
[2026-02-04 15:18:46]    2. Build: cd rust/kernel && cargo build
[2026-02-04 15:18:46]    3. Install: cd python && pip install -e .
[2026-02-04 15:18:46] 
[2026-02-04 15:18:46] 📍 Rollback: cp -r backup_pre_v2.2_20260204_151826/* .
